../Core/Src/main.c:72:1:__io_putchar	16	static
../Core/Src/main.c:85:6:timer_start	16	static
../Core/Src/main.c:95:6:delay_us	16	static
../Core/Src/main.c:117:6:trig	24	static
../Core/Src/main.c:160:19:echo	32	static
../Core/Src/main.c:180:5:main	24	static
../Core/Src/main.c:267:6:SystemClock_Config	72	static
../Core/Src/main.c:306:13:MX_TIM1_Init	32	static
../Core/Src/main.c:352:13:MX_TIM2_Init	32	static
../Core/Src/main.c:397:13:MX_USART2_UART_Init	8	static
../Core/Src/main.c:430:13:MX_GPIO_Init	40	static
../Core/Src/main.c:498:6:Error_Handler	4	static,ignoring_inline_asm
