../Core/Src/main.c:123:1:__io_putchar	16	static
../Core/Src/main.c:133:6:I2C_ScanAddresses	16	static
../Core/Src/main.c:153:6:delay_us	24	static
../Core/Src/main.c:160:6:LCD_DATA	32	static
../Core/Src/main.c:179:6:LCD_CMD	32	static
../Core/Src/main.c:197:6:LCD_CMD_4bit	32	static
../Core/Src/main.c:207:6:LCD_INIT	8	static
../Core/Src/main.c:227:6:LCD_XY	16	static
../Core/Src/main.c:238:6:LCD_CLEAR	8	static
../Core/Src/main.c:243:6:LCD_PUTS	16	static
../Core/Src/main.c:250:6:DHT11_SetPinOutput	24	static
../Core/Src/main.c:259:6:DHT11_SetPinInput	24	static
../Core/Src/main.c:267:6:DHT11_SetPin	16	static
../Core/Src/main.c:271:15:DHT11_ReadPin	8	static
../Core/Src/main.c:275:6:DHT11_DelayUs	16	static
../Core/Src/main.c:281:9:DHT11_Start	16	static
../Core/Src/main.c:317:9:DHT11_ReadBit	8	static
../Core/Src/main.c:336:9:DHT11_ReadByte	24	static
../Core/Src/main.c:344:9:DHT11_ReadData	24	static
../Core/Src/main.c:372:5:main	8	static
../Core/Src/main.c:455:6:SystemClock_Config	72	static
../Core/Src/main.c:491:13:MX_I2C1_Init	8	static
../Core/Src/main.c:523:13:MX_TIM2_Init	32	static
../Core/Src/main.c:565:13:MX_USART2_UART_Init	8	static
../Core/Src/main.c:596:13:MX_GPIO_Init	40	static
../Core/Src/main.c:641:6:Error_Handler	4	static,ignoring_inline_asm
