../Core/Src/main.c:67:1:__io_putchar	16	static
../Core/Src/main.c:77:6:Smartcar_forward	8	static
../Core/Src/main.c:91:6:smartcar_back	8	static
../Core/Src/main.c:105:6:smartcar_left	8	static
../Core/Src/main.c:119:6:smartcar_right	8	static
../Core/Src/main.c:133:6:smartcar_stop	8	static
../Core/Src/main.c:152:5:main	16	static
../Core/Src/main.c:230:6:SystemClock_Config	72	static
../Core/Src/main.c:269:13:MX_USART2_UART_Init	8	static
../Core/Src/main.c:302:13:MX_GPIO_Init	40	static
../Core/Src/main.c:361:6:Error_Handler	4	static,ignoring_inline_asm
