../Core/Src/main.c:66:1:__io_putchar	16	static
../Core/Src/main.c:76:6:smartcar_forward	8	static
../Core/Src/main.c:90:6:smartcar_back	8	static
../Core/Src/main.c:104:6:smartcar_left	8	static
../Core/Src/main.c:118:6:smartcar_right	8	static
../Core/Src/main.c:132:6:smartcar_stop	8	static
../Core/Src/main.c:154:5:main	16	static
../Core/Src/main.c:232:6:SystemClock_Config	72	static
../Core/Src/main.c:271:13:MX_USART2_UART_Init	8	static
../Core/Src/main.c:304:13:MX_GPIO_Init	40	static
../Core/Src/main.c:363:6:Error_Handler	4	static,ignoring_inline_asm
