../Core/Src/main.c:76:1:__io_putchar	16	static
../Core/Src/main.c:86:6:Smartcar_forward	8	static
../Core/Src/main.c:100:6:smartcar_back	8	static
../Core/Src/main.c:114:6:smartcar_left	8	static
../Core/Src/main.c:128:6:smartcar_right	8	static
../Core/Src/main.c:142:6:smartcar_stop	8	static
../Core/Src/main.c:155:6:HAL_UART_RxCpltCallback	16	static
../Core/Src/main.c:168:6:timer_start	16	static
../Core/Src/main.c:172:6:delay_us	16	static
../Core/Src/main.c:178:6:trig	24	static
../Core/Src/main.c:185:19:echo	32	static
../Core/Src/main.c:207:5:main	24	static
../Core/Src/main.c:316:6:SystemClock_Config	72	static
../Core/Src/main.c:355:13:MX_TIM1_Init	32	static
../Core/Src/main.c:401:13:MX_TIM2_Init	32	static
../Core/Src/main.c:446:13:MX_USART2_UART_Init	8	static
../Core/Src/main.c:479:13:MX_GPIO_Init	40	static
../Core/Src/main.c:563:6:Error_Handler	4	static,ignoring_inline_asm
