../Core/Src/main.c:76:1:__io_putchar	2
../Core/Src/main.c:86:6:Smartcar_forward	1
../Core/Src/main.c:100:6:smartcar_back	1
../Core/Src/main.c:114:6:smartcar_left	1
../Core/Src/main.c:128:6:smartcar_right	1
../Core/Src/main.c:142:6:smartcar_stop	1
../Core/Src/main.c:155:6:HAL_UART_RxCpltCallback	2
../Core/Src/main.c:168:6:timer_start	1
../Core/Src/main.c:172:6:delay_us	2
../Core/Src/main.c:178:6:trig	1
../Core/Src/main.c:185:19:echo	5
../Core/Src/main.c:207:5:main	10
../Core/Src/main.c:316:6:SystemClock_Config	3
../Core/Src/main.c:355:13:MX_TIM1_Init	4
../Core/Src/main.c:401:13:MX_TIM2_Init	4
../Core/Src/main.c:446:13:MX_USART2_UART_Init	2
../Core/Src/main.c:479:13:MX_GPIO_Init	1
../Core/Src/main.c:563:6:Error_Handler	1
